=== Iniciando generación de datos iniciales ===
Extrayendo texto de: ./data/pdfs/obra/LA NUEVA POETRIA completa dft v7.pdf
Extrayendo texto de: ./data/pdfs/obra/Antologia Vol 2 liliput.pdf
Extrayendo texto de: ./data/pdfs/obra/RoPo vol 1 Larva infancia INTERIOR.pdf
Extrayendo texto de: ./data/pdfs/obra/Antologia Vol 4 Corregido.pdf
Extrayendo texto de: ./data/pdfs/obra/Antologia Vol 3 liliput.pdf
Extrayendo texto de: ./data/pdfs/influencias/Lunch Poems (Frank OHara) (Z-Library).pdf
Extrayendo texto de: ./data/pdfs/influencias/Wasting Time on the Internet - Kenneth Goldsmith.pdf
Extrayendo texto de: ./data/pdfs/influencias/Trilce (Cesar Vallejo) (z-lib.org).pdf
Extrayendo texto de: ./data/pdfs/influencias/Duchamp Is My Lawyer - Kenneth Goldsmith.pdf
Extrayendo texto de: ./data/pdfs/influencias/SFPoetryHandbook.pdf
Extrayendo texto de: ./data/pdfs/influencias/The Xenotext Book 1 (Christian Bök) (z-lib.org).pdf
Extrayendo texto de: ./data/pdfs/influencias/Collected Lyrics - Patti Smith.pdf
Extrayendo texto de: ./data/pdfs/influencias/The dancers inherit the party selected poems by Ian Hamilton Finlay Zeljko Kujundzic (z-lib.org).pdf
Extrayendo texto de: ./data/pdfs/influencias/Circus Days and Nights Poems (Lax Robert) (Z-Library).pdf
Extrayendo texto de: ./data/pdfs/influencias/Cielo nocturno con heridas de fuego (Ocean Vuong) (Z-Library).pdf
Extrayendo texto de: ./data/pdfs/influencias/Creative Reading What It Is, How To Do It And Why by Ron Padgett (z-lib.org).pdf
Extrayendo texto de: ./data/pdfs/influencias/The-Poetry-of-Charles-Reznikoff.pdf
Extrayendo texto de: ./data/pdfs/influencias/Los heraldos negros (César Vallejo) (z-lib.org).pdf
Extrayendo texto de: ./data/pdfs/influencias/Paterson (Revised Edition) (Williams, William Carlos) (Z-Library).pdf
Extrayendo texto de: ./data/pdfs/influencias/How to Be Perfect by Ron Padgett Poetry Foundation.pdf
Extrayendo texto de: ./data/pdfs/influencias/Sendas-de-Oku-Matsúo-Basho.pdf
Extrayendo texto de: ./data/pdfs/influencias/Poul Anderson - La espada rota.pdf
Extrayendo texto de: ./data/pdfs/influencias/Hardly war (Choi, Don Mee) (Z-Library).pdf
Extrayendo texto de: ./data/pdfs/influencias/antologia_de_spoon_river.pdf
Extrayendo texto de: ./data/pdfs/influencias/Palabra o pretexto del cuerpo_Manuel Gerardi.pdf
Extrayendo texto de: ./data/pdfs/influencias/Bailey_Richard_W_ed_Computer_Poems_1973.pdf
Extrayendo texto de: ./data/pdfs/influencias/Ya nadie se llamará como yo + Poesía reunida (1998-2012) (Agustín Fernández Mallo) (Z-Library).pdf
Extrayendo texto de: ./data/pdfs/influencias/Alone and not alone by Padgett, Ron (z-lib.org).pdf
Extrayendo texto de: ./data/pdfs/influencias/What work is poems (Levine, Philip) (Z-Library).pdf
Extrayendo texto de: ./data/pdfs/influencias/Selected Poems by Kenneth Koch Ron Padgett (z-lib.org).pdf
Extrayendo texto de: ./data/pdfs/influencias/Collected Works of Velimir Khlebnikov, Volume III Selected Poems (Velimir Khlebnikov) (Z-Library).pdf
Extrayendo texto de: ./data/pdfs/influencias/Poesia concreta, memória e desmemória In Poesia, antipoesia, Antropogagia by CAMPOS, Augusto de (z-lib.org).pdf
